// Jest Snapshot v1, https://goo.gl/fbAQLP

exports[`Videos / Components / DeleteItemDialog should match the snapshot 1`] = `
ShallowWrapper {
  Symbol(enzyme.__root__): [Circular],
  Symbol(enzyme.__unrendered__): <DeleteItemDialog
    deleteItem={[MockFunction]}
    dialogDescription="dialogDescription"
    dialogTitle="dialogTitle"
    end="00:48"
    name="name"
    onClose={[MockFunction]}
    start="00:30"
  />,
  Symbol(enzyme.__renderer__): Object {
    "batchedUpdates": [Function],
    "getNode": [Function],
    "render": [Function],
    "simulateError": [Function],
    "simulateEvent": [Function],
    "unmount": [Function],
  },
  Symbol(enzyme.__node__): Object {
    "instance": null,
    "key": undefined,
    "nodeType": "function",
    "props": Object {
      "children": Array [
        <WithStyles(DialogTitle)
          id="dialogTitle"
        >
          Are you sure you want to delete this clip?
        </WithStyles(DialogTitle)>,
        <WithStyles(DialogContent)>
          <WithStyles(DialogContentText)
            id="dialogDescription"
          >
            Name: 'name', from 00:30 to 00:48
          </WithStyles(DialogContentText)>
        </WithStyles(DialogContent)>,
        <WithStyles(DialogActions)>
          <WithStyles(Button)
            color="primary"
            id="deleteItemDialogCancel"
            onClick={[MockFunction]}
          >
            Cancel
          </WithStyles(Button)>
          <WithStyles(Button)
            color="secondary"
            id="deleteItemDialogDelete"
            onClick={[MockFunction]}
          >
            Delete
          </WithStyles(Button)>
        </WithStyles(DialogActions)>,
      ],
    },
    "ref": null,
    "rendered": Array [
      Object {
        "instance": null,
        "key": undefined,
        "nodeType": "class",
        "props": Object {
          "children": "Are you sure you want to delete this clip?",
          "id": "dialogTitle",
        },
        "ref": null,
        "rendered": "Are you sure you want to delete this clip?",
        "type": [Function],
      },
      Object {
        "instance": null,
        "key": undefined,
        "nodeType": "class",
        "props": Object {
          "children": <WithStyles(DialogContentText)
            id="dialogDescription"
          >
            Name: 'name', from 00:30 to 00:48
          </WithStyles(DialogContentText)>,
        },
        "ref": null,
        "rendered": Object {
          "instance": null,
          "key": undefined,
          "nodeType": "class",
          "props": Object {
            "children": "Name: 'name', from 00:30 to 00:48",
            "id": "dialogDescription",
          },
          "ref": null,
          "rendered": "Name: 'name', from 00:30 to 00:48",
          "type": [Function],
        },
        "type": [Function],
      },
      Object {
        "instance": null,
        "key": undefined,
        "nodeType": "class",
        "props": Object {
          "children": Array [
            <WithStyles(Button)
              color="primary"
              id="deleteItemDialogCancel"
              onClick={[MockFunction]}
            >
              Cancel
            </WithStyles(Button)>,
            <WithStyles(Button)
              color="secondary"
              id="deleteItemDialogDelete"
              onClick={[MockFunction]}
            >
              Delete
            </WithStyles(Button)>,
          ],
        },
        "ref": null,
        "rendered": Array [
          Object {
            "instance": null,
            "key": undefined,
            "nodeType": "class",
            "props": Object {
              "children": "Cancel",
              "color": "primary",
              "id": "deleteItemDialogCancel",
              "onClick": [MockFunction],
            },
            "ref": null,
            "rendered": "Cancel",
            "type": [Function],
          },
          Object {
            "instance": null,
            "key": undefined,
            "nodeType": "class",
            "props": Object {
              "children": "Delete",
              "color": "secondary",
              "id": "deleteItemDialogDelete",
              "onClick": [MockFunction],
            },
            "ref": null,
            "rendered": "Delete",
            "type": [Function],
          },
        ],
        "type": [Function],
      },
    ],
    "type": Symbol(react.fragment),
  },
  Symbol(enzyme.__nodes__): Array [
    Object {
      "instance": null,
      "key": undefined,
      "nodeType": "function",
      "props": Object {
        "children": Array [
          <WithStyles(DialogTitle)
            id="dialogTitle"
          >
            Are you sure you want to delete this clip?
          </WithStyles(DialogTitle)>,
          <WithStyles(DialogContent)>
            <WithStyles(DialogContentText)
              id="dialogDescription"
            >
              Name: 'name', from 00:30 to 00:48
            </WithStyles(DialogContentText)>
          </WithStyles(DialogContent)>,
          <WithStyles(DialogActions)>
            <WithStyles(Button)
              color="primary"
              id="deleteItemDialogCancel"
              onClick={[MockFunction]}
            >
              Cancel
            </WithStyles(Button)>
            <WithStyles(Button)
              color="secondary"
              id="deleteItemDialogDelete"
              onClick={[MockFunction]}
            >
              Delete
            </WithStyles(Button)>
          </WithStyles(DialogActions)>,
        ],
      },
      "ref": null,
      "rendered": Array [
        Object {
          "instance": null,
          "key": undefined,
          "nodeType": "class",
          "props": Object {
            "children": "Are you sure you want to delete this clip?",
            "id": "dialogTitle",
          },
          "ref": null,
          "rendered": "Are you sure you want to delete this clip?",
          "type": [Function],
        },
        Object {
          "instance": null,
          "key": undefined,
          "nodeType": "class",
          "props": Object {
            "children": <WithStyles(DialogContentText)
              id="dialogDescription"
            >
              Name: 'name', from 00:30 to 00:48
            </WithStyles(DialogContentText)>,
          },
          "ref": null,
          "rendered": Object {
            "instance": null,
            "key": undefined,
            "nodeType": "class",
            "props": Object {
              "children": "Name: 'name', from 00:30 to 00:48",
              "id": "dialogDescription",
            },
            "ref": null,
            "rendered": "Name: 'name', from 00:30 to 00:48",
            "type": [Function],
          },
          "type": [Function],
        },
        Object {
          "instance": null,
          "key": undefined,
          "nodeType": "class",
          "props": Object {
            "children": Array [
              <WithStyles(Button)
                color="primary"
                id="deleteItemDialogCancel"
                onClick={[MockFunction]}
              >
                Cancel
              </WithStyles(Button)>,
              <WithStyles(Button)
                color="secondary"
                id="deleteItemDialogDelete"
                onClick={[MockFunction]}
              >
                Delete
              </WithStyles(Button)>,
            ],
          },
          "ref": null,
          "rendered": Array [
            Object {
              "instance": null,
              "key": undefined,
              "nodeType": "class",
              "props": Object {
                "children": "Cancel",
                "color": "primary",
                "id": "deleteItemDialogCancel",
                "onClick": [MockFunction],
              },
              "ref": null,
              "rendered": "Cancel",
              "type": [Function],
            },
            Object {
              "instance": null,
              "key": undefined,
              "nodeType": "class",
              "props": Object {
                "children": "Delete",
                "color": "secondary",
                "id": "deleteItemDialogDelete",
                "onClick": [MockFunction],
              },
              "ref": null,
              "rendered": "Delete",
              "type": [Function],
            },
          ],
          "type": [Function],
        },
      ],
      "type": Symbol(react.fragment),
    },
  ],
  Symbol(enzyme.__options__): Object {
    "adapter": ReactSixteenAdapter {
      "options": Object {
        "enableComponentDidUpdateOnSetState": true,
        "lifecycles": Object {
          "componentDidUpdate": Object {
            "onSetState": true,
          },
          "getDerivedStateFromProps": true,
          "getSnapshotBeforeUpdate": true,
          "setState": Object {
            "skipsComponentDidUpdateOnNullish": true,
          },
        },
      },
    },
    "context": Object {},
  },
}
`;
